// Jest Snapshot v1, https://goo.gl/fbAQLP

exports[`Stream StreamList test with Enzyme ---1---render stream List component initially 1`] = `
<StreamList
  fetchStreams={[Function]}
  store={
    Object {
      "clearActions": [Function],
      "dispatch": [Function],
      "getActions": [Function],
      "getState": [Function],
      "replaceReducer": [Function],
      "subscribe": [Function],
    }
  }
  storeSubscription={
    Subscription {
      "listeners": Object {
        "clear": [Function],
        "get": [Function],
        "notify": [Function],
        "subscribe": [Function],
      },
      "onStateChange": [Function],
      "parentSub": undefined,
      "store": Object {
        "clearActions": [Function],
        "dispatch": [Function],
        "getActions": [Function],
        "getState": [Function],
        "replaceReducer": [Function],
        "subscribe": [Function],
      },
      "unsubscribe": [Function],
    }
  }
  streams={Array []}
/>
`;
